// Jest Snapshot v1, https://goo.gl/fbAQLP

exports[`Projects should match the snapshot 1`] = `
<div
  className="project-holder"
>
  <h1
    className="project-name"
  >
    Your Projects
  </h1>
  <form>
    <input
      className="create-project"
      name="title"
      onChange={[Function]}
      placeholder="Name Your Project"
      type="text"
      value=""
    />
    <button
      className="make-project-btn"
      onClick={[Function]}
    >
      Create
    </button>
  </form>
  <div
    className="project"
    data-key={1}
    key="1"
  >
    <h4
      onClick={[Function]}
    >
      project one
    </h4>
    <button
      className="delete-button"
      onClick={[Function]}
    >
      X
    </button>
  </div>
</div>
`;
