// Jest Snapshot v1, https://goo.gl/fbAQLP

exports[`Header should match snapshot 1`] = `
<main>
  <header>
    <h1>
      Color Catcher
    </h1>
    <button
      className="generate"
      onClick={[Function]}
    >
      GENERATE COLORS
    </button>
  </header>
</main>
`;
